// Jest Snapshot v1, https://goo.gl/fbAQLP

exports[`<PocketList /> should not crash 1`] = `
<styled.div
  pocketType="active"
>
  <Carousel
    afterSlide={[Function]}
    autoGenerateStyleTag={true}
    autoplay={false}
    autoplayInterval={3000}
    autoplayReverse={false}
    beforeSlide={[Function]}
    cellAlign="left"
    cellSpacing={0}
    disableAnimation={false}
    disableEdgeSwiping={false}
    dragging={true}
    easing="easeCircleOut"
    edgeEasing="easeElasticOut"
    enableKeyboardControls={false}
    frameOverflow="hidden"
    framePadding="0px"
    height="inherit"
    heightMode="max"
    onDragStart={[Function]}
    onResize={[Function]}
    pauseOnHover={true}
    renderAnnounceSlideMessage={[Function]}
    renderBottomCenterControls={[Function]}
    renderCenterLeftControls={[Function]}
    renderCenterRightControls={[Function]}
    slideIndex={0}
    slideListMargin={10}
    slideOffset={25}
    slideWidth={1}
    slidesToScroll={1}
    slidesToShow={1}
    speed={500}
    style={Object {}}
    swiping={true}
    transitionMode="scroll"
    vertical={false}
    width="100%"
    withoutControls={false}
    wrapAround={true}
  >
    <Pocket
      currency="€"
      currencyLabel="EUR"
      inputValue=""
      key="Active Pocket - €"
      onChangeHandler={[MockFunction]}
      pocketAmount={50.33}
    />
    <Pocket
      currency="£"
      currencyLabel="GBP"
      inputValue=""
      key="Active Pocket - £"
      onChangeHandler={[MockFunction]}
      pocketAmount={10}
    />
  </Carousel>
</styled.div>
`;
